
Macro def at: . l 1 c 1
FORMAL BODY: 4
It has 0 calls to it


Macro def at: . l 1 c 1
FORMAL BODY: 1
It has 0 calls to it


Macro def at: . l 1 c 1
FORMAL BODY: 2
It has 0 calls to it


Macro def at: . l 1 c 1
FORMAL BODY: 2
It has 0 calls to it


Macro def at: . l 1 c 1
FORMAL BODY: 4
It has 0 calls to it


Macro def at: . l 1 c 1
FORMAL BODY: 4
It has 0 calls to it

