Unparsed: double __builtin_copysign(double __builtin__x,double __builtin__y);float __builtin_copysignf(float __builtin__x,float __builtin__y);long double __builtin_copysignl(long double __builtin__x,long double __builtin__y);float __builtin_acosf(float __builtin__x);long double __builtin_acosl(long double __builtin__x);float __builtin_asinf(float __builtin__x);long double __builtin_asinl(long double __builtin__x);float __builtin_atanf(float __builtin__x);long double __builtin_atanl(long double __builtin__x);float __builtin_atan2f(float __builtin__x,float __builtin__y);long double __builtin_atan2l(long double __builtin__x,long double __builtin__y);float __builtin_ceilf(float __builtin__x);long double __builtin_ceill(long double __builtin__x);float __builtin_coshf(float __builtin__x);long double __builtin_coshl(long double __builtin__x);float __builtin_floorf(float __builtin__x);long double __builtin_floorl(long double __builtin__x);float __builtin_fmodf(float __builtin__x,float __builtin__y);long double __builtin_fmodl(long double __builtin__x,long double __builtin__y);float __builtin_frexpf(float __builtin__x,int *__builtin__y);long double __builtin_frexpl(long double __builtin__x,int *__builtin__y);float __builtin_ldexpf(float __builtin__x,float __builtin__y);long double __builtin_ldexpl(long double __builtin__x,long double __builtin__y);float __builtin_log10f(float __builtin__x);long double __builtin_log10l(long double __builtin__x);float __builtin_modff(float __builtin__x,float *__builtin__y);long double __builtin_modfl(long double __builtin__x,long double *__builtin__y);float __builtin_powf(float __builtin__x,float __builtin__y);long double __builtin_powl(long double __builtin__x,long double __builtin__y);float __builtin_sinhf(float __builtin__x);long double __builtin_sinhl(long double __builtin__x);float __builtin_tanf(float __builtin__x);long double __builtin_tanl(long double __builtin__x);float __builtin_tanhf(float __builtin__x);long double __builtin_tanhl(long double __builtin__x);long double __builtin_powil(long double __builtin__x,int __builtin__i);double __builtin_powi(double __builtin__x,int __builtin__i);float __builtin_powif(float __builtin__x,int __builtin__i);char *__builtin_strchr(const char *__builtin__s,int __builtin__c);char *__builtin_strrchr(const char *__builtin__s,int __builtin__c);char *__builtin_strpbrk(const char *__builtin__s,const char *__builtin__accept);char *__builtin_strstr(const char *__builtin__haystack,const char *__builtin__needle);float __builtin_nansf(const char *__builtin__x);double __builtin_nans(const char *__builtin__x);long double __builtin_nansl(const char *__builtin__x);double __builtin_fabs(double __builtin__x);float __builtin_fabsf(float __builtin__x);long double __builtin_fabsl(long double __builtin__x);float __builtin_cosf(float __builtin__x);long double __builtin_cosl(long double __builtin__x);float __builtin_sinf(float __builtin__x);long double __builtin_sinl(long double __builtin__x);float __builtin_sqrtf(float __builtin__x);long double __builtin_sqrtl(long double __builtin__x);int __builtin_fpclassify(int ,int ,int ,int ,int ,... );void *__builtin_return_address(unsigned int level);void *__builtin_frame_address(unsigned int level);long __builtin_expect(long __builtin__exp,long __builtin__c);void __builtin_prefetch(const void *__builtin__addr,... );double __builtin_huge_val();float __builtin_huge_valf();long double __builtin_huge_vall();double __builtin_inf();float __builtin_inff();long double __builtin_infl();double __builtin_nan(const char *__builtin__str);float __builtin_nanf(const char *__builtin__str);long double __builtin_nanl(const char *__builtin__str);double __builtin_nans(const char *__builtin__str);float __builtin_nansf(const char *__builtin__str);long double __builtin_nansl(const char *__builtin__str);int __builtin_clz(unsigned int __builtin__x);int __builtin_ctz(unsigned int __builtin__x);int __builtin_popcount(unsigned int __builtin__x);int __builtin_parity(unsigned int __builtin__x);int __builtin_ffsl(unsigned long __builtin__x);int __builtin_clzl(unsigned long __builtin__x);int __builtin_ctzl(unsigned long __builtin__x);int __builtin_popcountl(unsigned long __builtin__x);int __builtin_parityl(unsigned long __builtin__x);int __builtin_ffsll(unsigned long long __builtin__x);int __builtin_clzll(unsigned long long __builtin__x);int __builtin_ctzll(unsigned long long __builtin__x);int __builtin_popcountll(unsigned long long __builtin__x);int __builtin_parityll(unsigned long long __builtin__x);double __builtin_powi(double __builtin__x,int __builtin__y);float __builtin_powif(float __builtin__x,int __builtin__y);long double __builtin_powil(long double __builtin__x,int __builtin__y);void *__builtin_memmove(void *target,const void *source,unsigned long long nBytes);void *__builtin_memchr(const void *ptr,int value,unsigned long long num);int main(){double A4;double MmP;double lP;double Lambdasun;(2 * MmP) *(3.14159265358979323846 / 180.0);MmP *(3.14159265358979323846 / 180.0);return 0;}
          SgSourceFile SgGlobal SgFunctionDeclaration SgFunctionParameterList SgInitializedName SgInitializedName SgFunctionDeclaration SgFunctionParameterList SgInitializedName SgInitializedName SgFunctionDeclaration SgFunctionParameterList SgInitializedName SgInitializedName SgFunctionDeclaration SgFunctionParameterList SgInitializedName SgFunctionDeclaration SgFunctionParameterList SgInitializedName SgFunctionDeclaration SgFunctionParameterList SgInitializedName SgFunctionDeclaration SgFunctionParameterList SgInitializedName SgFunctionDeclaration SgFunctionParameterList SgInitializedName SgFunctionDeclaration SgFunctionParameterList SgInitializedName SgFunctionDeclaration SgFunctionParameterList SgInitializedName SgInitializedName SgFunctionDeclaration SgFunctionParameterList SgInitializedName SgInitializedName SgFunctionDeclaration SgFunctionParameterList SgInitializedName SgFunctionDeclaration SgFunctionParameterList SgInitializedName SgFunctionDeclaration SgFunctionParameterList SgInitializedName SgFunctionDeclaration SgFunctionParameterList SgInitializedName SgFunctionDeclaration SgFunctionParameterList SgInitializedName SgFunctionDeclaration SgFunctionParameterList SgInitializedName SgFunctionDeclaration SgFunctionParameterList SgInitializedName SgInitializedName SgFunctionDeclaration SgFunctionParameterList SgInitializedName SgInitializedName SgFunctionDeclaration SgFunctionParameterList SgInitializedName SgInitializedName SgFunctionDeclaration SgFunctionParameterList SgInitializedName SgInitializedName SgFunctionDeclaration SgFunctionParameterList SgInitializedName SgInitializedName SgFunctionDeclaration SgFunctionParameterList SgInitializedName SgInitializedName SgFunctionDeclaration SgFunctionParameterList SgInitializedName SgFunctionDeclaration SgFunctionParameterList SgInitializedName SgFunctionDeclaration SgFunctionParameterList SgInitializedName SgInitializedName SgFunctionDeclaration SgFunctionParameterList SgInitializedName SgInitializedName SgFunctionDeclaration SgFunctionParameterList SgInitializedName SgInitializedName SgFunctionDeclaration SgFunctionParameterList SgInitializedName SgInitializedName SgFunctionDeclaration SgFunctionParameterList SgInitializedName SgFunctionDeclaration SgFunctionParameterList SgInitializedName SgFunctionDeclaration SgFunctionParameterList SgInitializedName SgFunctionDeclaration SgFunctionParameterList SgInitializedName SgFunctionDeclaration SgFunctionParameterList SgInitializedName SgFunctionDeclaration SgFunctionParameterList SgInitializedName SgFunctionDeclaration SgFunctionParameterList SgInitializedName SgInitializedName SgFunctionDeclaration SgFunctionParameterList SgInitializedName SgInitializedName SgFunctionDeclaration SgFunctionParameterList SgInitializedName SgInitializedName SgFunctionDeclaration SgFunctionParameterList SgInitializedName SgInitializedName SgFunctionDeclaration SgFunctionParameterList SgInitializedName SgInitializedName SgFunctionDeclaration SgFunctionParameterList SgInitializedName SgInitializedName SgFunctionDeclaration SgFunctionParameterList SgInitializedName SgInitializedName SgFunctionDeclaration SgFunctionParameterList SgInitializedName SgFunctionDeclaration SgFunctionParameterList SgInitializedName SgFunctionDeclaration SgFunctionParameterList SgInitializedName SgFunctionDeclaration SgFunctionParameterList SgInitializedName SgFunctionDeclaration SgFunctionParameterList SgInitializedName SgFunctionDeclaration SgFunctionParameterList SgInitializedName SgFunctionDeclaration SgFunctionParameterList SgInitializedName SgFunctionDeclaration SgFunctionParameterList SgInitializedName SgFunctionDeclaration SgFunctionParameterList SgInitializedName SgFunctionDeclaration SgFunctionParameterList SgInitializedName SgFunctionDeclaration SgFunctionParameterList SgInitializedName SgFunctionDeclaration SgFunctionParameterList SgInitializedName SgFunctionDeclaration SgFunctionParameterList SgInitializedName SgInitializedName SgInitializedName SgInitializedName SgInitializedName SgInitializedName SgFunctionDeclaration SgFunctionParameterList SgInitializedName SgFunctionDeclaration SgFunctionParameterList SgInitializedName SgFunctionDeclaration SgFunctionParameterList SgInitializedName SgInitializedName SgFunctionDeclaration SgFunctionParameterList SgInitializedName SgInitializedName SgFunctionDeclaration SgFunctionParameterList SgFunctionDeclaration SgFunctionParameterList SgFunctionDeclaration SgFunctionParameterList SgFunctionDeclaration SgFunctionParameterList SgFunctionDeclaration SgFunctionParameterList SgFunctionDeclaration SgFunctionParameterList SgFunctionDeclaration SgFunctionParameterList SgInitializedName SgFunctionDeclaration SgFunctionParameterList SgInitializedName SgFunctionDeclaration SgFunctionParameterList SgInitializedName SgFunctionDeclaration SgFunctionParameterList SgInitializedName SgFunctionDeclaration SgFunctionParameterList SgInitializedName SgFunctionDeclaration SgFunctionParameterList SgInitializedName SgFunctionDeclaration SgFunctionParameterList SgInitializedName SgFunctionDeclaration SgFunctionParameterList SgInitializedName SgFunctionDeclaration SgFunctionParameterList SgInitializedName SgFunctionDeclaration SgFunctionParameterList SgInitializedName SgFunctionDeclaration SgFunctionParameterList SgInitializedName SgFunctionDeclaration SgFunctionParameterList SgInitializedName SgFunctionDeclaration SgFunctionParameterList SgInitializedName SgFunctionDeclaration SgFunctionParameterList SgInitializedName SgFunctionDeclaration SgFunctionParameterList SgInitializedName SgFunctionDeclaration SgFunctionParameterList SgInitializedName SgFunctionDeclaration SgFunctionParameterList SgInitializedName SgFunctionDeclaration SgFunctionParameterList SgInitializedName SgFunctionDeclaration SgFunctionParameterList SgInitializedName SgFunctionDeclaration SgFunctionParameterList SgInitializedName SgFunctionDeclaration SgFunctionParameterList SgInitializedName SgInitializedName SgFunctionDeclaration SgFunctionParameterList SgInitializedName SgInitializedName SgFunctionDeclaration SgFunctionParameterList SgInitializedName SgInitializedName SgFunctionDeclaration SgFunctionParameterList SgInitializedName SgInitializedName SgInitializedName SgFunctionDeclaration SgFunctionParameterList SgInitializedName SgInitializedName SgInitializedName SgFunctionDeclaration SgFunctionParameterList SgFunctionDefinition SgBasicBlock SgVariableDeclaration SgInitializedName SgVariableDeclaration SgInitializedName SgVariableDeclaration SgInitializedName SgVariableDeclaration SgInitializedName SgExprStatement SgCastExp SgIntVal 2 SgDoubleVal 2 SgMultiplyOp SgVarRefExp SgMultiplyOp SgDoubleVal 3.14159265358979323846 SgDivideOp SgDoubleVal 180.0 SgDoubleVal (3.14159265358979323846 / 180.0) SgExprStatement SgVarRefExp SgMultiplyOp SgDoubleVal 3.14159265358979323846 SgDivideOp SgDoubleVal 180.0 SgDoubleVal (3.14159265358979323846 / 180.0) SgReturnStmt SgIntVal 0 
Unparsed: double __builtin_copysign(double __builtin__x,double __builtin__y);float __builtin_copysignf(float __builtin__x,float __builtin__y);long double __builtin_copysignl(long double __builtin__x,long double __builtin__y);float __builtin_acosf(float __builtin__x);long double __builtin_acosl(long double __builtin__x);float __builtin_asinf(float __builtin__x);long double __builtin_asinl(long double __builtin__x);float __builtin_atanf(float __builtin__x);long double __builtin_atanl(long double __builtin__x);float __builtin_atan2f(float __builtin__x,float __builtin__y);long double __builtin_atan2l(long double __builtin__x,long double __builtin__y);float __builtin_ceilf(float __builtin__x);long double __builtin_ceill(long double __builtin__x);float __builtin_coshf(float __builtin__x);long double __builtin_coshl(long double __builtin__x);float __builtin_floorf(float __builtin__x);long double __builtin_floorl(long double __builtin__x);float __builtin_fmodf(float __builtin__x,float __builtin__y);long double __builtin_fmodl(long double __builtin__x,long double __builtin__y);float __builtin_frexpf(float __builtin__x,int *__builtin__y);long double __builtin_frexpl(long double __builtin__x,int *__builtin__y);float __builtin_ldexpf(float __builtin__x,float __builtin__y);long double __builtin_ldexpl(long double __builtin__x,long double __builtin__y);float __builtin_log10f(float __builtin__x);long double __builtin_log10l(long double __builtin__x);float __builtin_modff(float __builtin__x,float *__builtin__y);long double __builtin_modfl(long double __builtin__x,long double *__builtin__y);float __builtin_powf(float __builtin__x,float __builtin__y);long double __builtin_powl(long double __builtin__x,long double __builtin__y);float __builtin_sinhf(float __builtin__x);long double __builtin_sinhl(long double __builtin__x);float __builtin_tanf(float __builtin__x);long double __builtin_tanl(long double __builtin__x);float __builtin_tanhf(float __builtin__x);long double __builtin_tanhl(long double __builtin__x);long double __builtin_powil(long double __builtin__x,int __builtin__i);double __builtin_powi(double __builtin__x,int __builtin__i);float __builtin_powif(float __builtin__x,int __builtin__i);char *__builtin_strchr(const char *__builtin__s,int __builtin__c);char *__builtin_strrchr(const char *__builtin__s,int __builtin__c);char *__builtin_strpbrk(const char *__builtin__s,const char *__builtin__accept);char *__builtin_strstr(const char *__builtin__haystack,const char *__builtin__needle);float __builtin_nansf(const char *__builtin__x);double __builtin_nans(const char *__builtin__x);long double __builtin_nansl(const char *__builtin__x);double __builtin_fabs(double __builtin__x);float __builtin_fabsf(float __builtin__x);long double __builtin_fabsl(long double __builtin__x);float __builtin_cosf(float __builtin__x);long double __builtin_cosl(long double __builtin__x);float __builtin_sinf(float __builtin__x);long double __builtin_sinl(long double __builtin__x);float __builtin_sqrtf(float __builtin__x);long double __builtin_sqrtl(long double __builtin__x);int __builtin_fpclassify(int ,int ,int ,int ,int ,... );void *__builtin_return_address(unsigned int level);void *__builtin_frame_address(unsigned int level);long __builtin_expect(long __builtin__exp,long __builtin__c);void __builtin_prefetch(const void *__builtin__addr,... );double __builtin_huge_val();float __builtin_huge_valf();long double __builtin_huge_vall();double __builtin_inf();float __builtin_inff();long double __builtin_infl();double __builtin_nan(const char *__builtin__str);float __builtin_nanf(const char *__builtin__str);long double __builtin_nanl(const char *__builtin__str);double __builtin_nans(const char *__builtin__str);float __builtin_nansf(const char *__builtin__str);long double __builtin_nansl(const char *__builtin__str);int __builtin_clz(unsigned int __builtin__x);int __builtin_ctz(unsigned int __builtin__x);int __builtin_popcount(unsigned int __builtin__x);int __builtin_parity(unsigned int __builtin__x);int __builtin_ffsl(unsigned long __builtin__x);int __builtin_clzl(unsigned long __builtin__x);int __builtin_ctzl(unsigned long __builtin__x);int __builtin_popcountl(unsigned long __builtin__x);int __builtin_parityl(unsigned long __builtin__x);int __builtin_ffsll(unsigned long long __builtin__x);int __builtin_clzll(unsigned long long __builtin__x);int __builtin_ctzll(unsigned long long __builtin__x);int __builtin_popcountll(unsigned long long __builtin__x);int __builtin_parityll(unsigned long long __builtin__x);double __builtin_powi(double __builtin__x,int __builtin__y);float __builtin_powif(float __builtin__x,int __builtin__y);long double __builtin_powil(long double __builtin__x,int __builtin__y);void *__builtin_memmove(void *target,const void *source,unsigned long long nBytes);void *__builtin_memchr(const void *ptr,int value,unsigned long long num);int main(){double A4;double MmP;double lP;double Lambdasun;(2 * MmP) *(3.14159265358979323846 / 180.0);MmP *(3.14159265358979323846 / 180.0);return 0;}
          SgGlobal SgFunctionDeclaration SgFunctionParameterList SgInitializedName SgInitializedName SgFunctionDeclaration SgFunctionParameterList SgInitializedName SgInitializedName SgFunctionDeclaration SgFunctionParameterList SgInitializedName SgInitializedName SgFunctionDeclaration SgFunctionParameterList SgInitializedName SgFunctionDeclaration SgFunctionParameterList SgInitializedName SgFunctionDeclaration SgFunctionParameterList SgInitializedName SgFunctionDeclaration SgFunctionParameterList SgInitializedName SgFunctionDeclaration SgFunctionParameterList SgInitializedName SgFunctionDeclaration SgFunctionParameterList SgInitializedName SgFunctionDeclaration SgFunctionParameterList SgInitializedName SgInitializedName SgFunctionDeclaration SgFunctionParameterList SgInitializedName SgInitializedName SgFunctionDeclaration SgFunctionParameterList SgInitializedName SgFunctionDeclaration SgFunctionParameterList SgInitializedName SgFunctionDeclaration SgFunctionParameterList SgInitializedName SgFunctionDeclaration SgFunctionParameterList SgInitializedName SgFunctionDeclaration SgFunctionParameterList SgInitializedName SgFunctionDeclaration SgFunctionParameterList SgInitializedName SgFunctionDeclaration SgFunctionParameterList SgInitializedName SgInitializedName SgFunctionDeclaration SgFunctionParameterList SgInitializedName SgInitializedName SgFunctionDeclaration SgFunctionParameterList SgInitializedName SgInitializedName SgFunctionDeclaration SgFunctionParameterList SgInitializedName SgInitializedName SgFunctionDeclaration SgFunctionParameterList SgInitializedName SgInitializedName SgFunctionDeclaration SgFunctionParameterList SgInitializedName SgInitializedName SgFunctionDeclaration SgFunctionParameterList SgInitializedName SgFunctionDeclaration SgFunctionParameterList SgInitializedName SgFunctionDeclaration SgFunctionParameterList SgInitializedName SgInitializedName SgFunctionDeclaration SgFunctionParameterList SgInitializedName SgInitializedName SgFunctionDeclaration SgFunctionParameterList SgInitializedName SgInitializedName SgFunctionDeclaration SgFunctionParameterList SgInitializedName SgInitializedName SgFunctionDeclaration SgFunctionParameterList SgInitializedName SgFunctionDeclaration SgFunctionParameterList SgInitializedName SgFunctionDeclaration SgFunctionParameterList SgInitializedName SgFunctionDeclaration SgFunctionParameterList SgInitializedName SgFunctionDeclaration SgFunctionParameterList SgInitializedName SgFunctionDeclaration SgFunctionParameterList SgInitializedName SgFunctionDeclaration SgFunctionParameterList SgInitializedName SgInitializedName SgFunctionDeclaration SgFunctionParameterList SgInitializedName SgInitializedName SgFunctionDeclaration SgFunctionParameterList SgInitializedName SgInitializedName SgFunctionDeclaration SgFunctionParameterList SgInitializedName SgInitializedName SgFunctionDeclaration SgFunctionParameterList SgInitializedName SgInitializedName SgFunctionDeclaration SgFunctionParameterList SgInitializedName SgInitializedName SgFunctionDeclaration SgFunctionParameterList SgInitializedName SgInitializedName SgFunctionDeclaration SgFunctionParameterList SgInitializedName SgFunctionDeclaration SgFunctionParameterList SgInitializedName SgFunctionDeclaration SgFunctionParameterList SgInitializedName SgFunctionDeclaration SgFunctionParameterList SgInitializedName SgFunctionDeclaration SgFunctionParameterList SgInitializedName SgFunctionDeclaration SgFunctionParameterList SgInitializedName SgFunctionDeclaration SgFunctionParameterList SgInitializedName SgFunctionDeclaration SgFunctionParameterList SgInitializedName SgFunctionDeclaration SgFunctionParameterList SgInitializedName SgFunctionDeclaration SgFunctionParameterList SgInitializedName SgFunctionDeclaration SgFunctionParameterList SgInitializedName SgFunctionDeclaration SgFunctionParameterList SgInitializedName SgFunctionDeclaration SgFunctionParameterList SgInitializedName SgInitializedName SgInitializedName SgInitializedName SgInitializedName SgInitializedName SgFunctionDeclaration SgFunctionParameterList SgInitializedName SgFunctionDeclaration SgFunctionParameterList SgInitializedName SgFunctionDeclaration SgFunctionParameterList SgInitializedName SgInitializedName SgFunctionDeclaration SgFunctionParameterList SgInitializedName SgInitializedName SgFunctionDeclaration SgFunctionParameterList SgFunctionDeclaration SgFunctionParameterList SgFunctionDeclaration SgFunctionParameterList SgFunctionDeclaration SgFunctionParameterList SgFunctionDeclaration SgFunctionParameterList SgFunctionDeclaration SgFunctionParameterList SgFunctionDeclaration SgFunctionParameterList SgInitializedName SgFunctionDeclaration SgFunctionParameterList SgInitializedName SgFunctionDeclaration SgFunctionParameterList SgInitializedName SgFunctionDeclaration SgFunctionParameterList SgInitializedName SgFunctionDeclaration SgFunctionParameterList SgInitializedName SgFunctionDeclaration SgFunctionParameterList SgInitializedName SgFunctionDeclaration SgFunctionParameterList SgInitializedName SgFunctionDeclaration SgFunctionParameterList SgInitializedName SgFunctionDeclaration SgFunctionParameterList SgInitializedName SgFunctionDeclaration SgFunctionParameterList SgInitializedName SgFunctionDeclaration SgFunctionParameterList SgInitializedName SgFunctionDeclaration SgFunctionParameterList SgInitializedName SgFunctionDeclaration SgFunctionParameterList SgInitializedName SgFunctionDeclaration SgFunctionParameterList SgInitializedName SgFunctionDeclaration SgFunctionParameterList SgInitializedName SgFunctionDeclaration SgFunctionParameterList SgInitializedName SgFunctionDeclaration SgFunctionParameterList SgInitializedName SgFunctionDeclaration SgFunctionParameterList SgInitializedName SgFunctionDeclaration SgFunctionParameterList SgInitializedName SgFunctionDeclaration SgFunctionParameterList SgInitializedName SgFunctionDeclaration SgFunctionParameterList SgInitializedName SgInitializedName SgFunctionDeclaration SgFunctionParameterList SgInitializedName SgInitializedName SgFunctionDeclaration SgFunctionParameterList SgInitializedName SgInitializedName SgFunctionDeclaration SgFunctionParameterList SgInitializedName SgInitializedName SgInitializedName SgFunctionDeclaration SgFunctionParameterList SgInitializedName SgInitializedName SgInitializedName SgFunctionDeclaration SgFunctionParameterList SgFunctionDefinition SgBasicBlock SgVariableDeclaration SgInitializedName SgVariableDeclaration SgInitializedName SgVariableDeclaration SgInitializedName SgVariableDeclaration SgInitializedName SgExprStatement SgCastExp SgIntVal 2 SgDoubleVal 2 SgMultiplyOp SgVarRefExp SgMultiplyOp SgDoubleVal 3.14159265358979323846 SgDivideOp SgDoubleVal 180.0 SgDoubleVal (3.14159265358979323846 / 180.0) SgExprStatement SgVarRefExp SgMultiplyOp SgDoubleVal 3.14159265358979323846 SgDivideOp SgDoubleVal 180.0 SgDoubleVal (3.14159265358979323846 / 180.0) SgReturnStmt SgIntVal 0 
Unparsed: int main(){double A4;double MmP;double lP;double Lambdasun;(2 * MmP) *(3.14159265358979323846 / 180.0);MmP *(3.14159265358979323846 / 180.0);return 0;}
          SgFunctionDeclaration SgFunctionParameterList SgFunctionDefinition SgBasicBlock SgVariableDeclaration SgInitializedName SgVariableDeclaration SgInitializedName SgVariableDeclaration SgInitializedName SgVariableDeclaration SgInitializedName SgExprStatement SgCastExp SgIntVal 2 SgDoubleVal 2 SgMultiplyOp SgVarRefExp SgMultiplyOp SgDoubleVal 3.14159265358979323846 SgDivideOp SgDoubleVal 180.0 SgDoubleVal (3.14159265358979323846 / 180.0) SgExprStatement SgVarRefExp SgMultiplyOp SgDoubleVal 3.14159265358979323846 SgDivideOp SgDoubleVal 180.0 SgDoubleVal (3.14159265358979323846 / 180.0) SgReturnStmt SgIntVal 0 
Unparsed: 
          SgFunctionParameterList 
Unparsed: int main(){double A4;double MmP;double lP;double Lambdasun;(2 * MmP) *(3.14159265358979323846 / 180.0);MmP *(3.14159265358979323846 / 180.0);return 0;}
          SgFunctionDefinition SgBasicBlock SgVariableDeclaration SgInitializedName SgVariableDeclaration SgInitializedName SgVariableDeclaration SgInitializedName SgVariableDeclaration SgInitializedName SgExprStatement SgCastExp SgIntVal 2 SgDoubleVal 2 SgMultiplyOp SgVarRefExp SgMultiplyOp SgDoubleVal 3.14159265358979323846 SgDivideOp SgDoubleVal 180.0 SgDoubleVal (3.14159265358979323846 / 180.0) SgExprStatement SgVarRefExp SgMultiplyOp SgDoubleVal 3.14159265358979323846 SgDivideOp SgDoubleVal 180.0 SgDoubleVal (3.14159265358979323846 / 180.0) SgReturnStmt SgIntVal 0 
Unparsed: {double A4;double MmP;double lP;double Lambdasun;(2 * MmP) *(3.14159265358979323846 / 180.0);MmP *(3.14159265358979323846 / 180.0);return 0;}
          SgBasicBlock SgVariableDeclaration SgInitializedName SgVariableDeclaration SgInitializedName SgVariableDeclaration SgInitializedName SgVariableDeclaration SgInitializedName SgExprStatement SgCastExp SgIntVal 2 SgDoubleVal 2 SgMultiplyOp SgVarRefExp SgMultiplyOp SgDoubleVal 3.14159265358979323846 SgDivideOp SgDoubleVal 180.0 SgDoubleVal (3.14159265358979323846 / 180.0) SgExprStatement SgVarRefExp SgMultiplyOp SgDoubleVal 3.14159265358979323846 SgDivideOp SgDoubleVal 180.0 SgDoubleVal (3.14159265358979323846 / 180.0) SgReturnStmt SgIntVal 0 
Unparsed: double A4;
          SgVariableDeclaration SgInitializedName 
Unparsed: A4
          SgInitializedName 
Unparsed: double MmP;
          SgVariableDeclaration SgInitializedName 
Unparsed: MmP
          SgInitializedName 
Unparsed: double lP;
          SgVariableDeclaration SgInitializedName 
Unparsed: lP
          SgInitializedName 
Unparsed: double Lambdasun;
          SgVariableDeclaration SgInitializedName 
Unparsed: Lambdasun
          SgInitializedName 
Unparsed: (2 * MmP) *(3.14159265358979323846 / 180.0);
          SgExprStatement SgCastExp SgIntVal 2 SgDoubleVal 2 SgMultiplyOp SgVarRefExp SgMultiplyOp SgDoubleVal 3.14159265358979323846 SgDivideOp SgDoubleVal 180.0 SgDoubleVal (3.14159265358979323846 / 180.0) 
Unparsed: (2 * MmP) *(3.14159265358979323846 / 180.0)
          SgCastExp SgIntVal 2 SgDoubleVal 2 SgMultiplyOp SgVarRefExp SgMultiplyOp SgDoubleVal 3.14159265358979323846 SgDivideOp SgDoubleVal 180.0 SgDoubleVal (3.14159265358979323846 / 180.0) 
Unparsed: (2 * MmP)
          SgCastExp SgIntVal 2 SgDoubleVal 2 SgMultiplyOp SgVarRefExp 
Unparsed: 2
          SgDoubleVal 2 SgCastExp SgIntVal 2 
Unparsed: 2
          SgCastExp SgIntVal 2 
Unparsed: 2
          SgIntVal 2 
Unparsed: MmP
          SgVarRefExp 
Unparsed: (3.14159265358979323846 / 180.0)
          SgDoubleVal (3.14159265358979323846 / 180.0) SgDoubleVal 3.14159265358979323846 SgDivideOp SgDoubleVal 180.0 
Unparsed: (3.14159265358979323846 / 180.0)
          SgDoubleVal 3.14159265358979323846 SgDivideOp SgDoubleVal 180.0 
Unparsed: 3.14159265358979323846
          SgDoubleVal 3.14159265358979323846 
Unparsed: 180.0
          SgDoubleVal 180.0 
Unparsed: MmP *(3.14159265358979323846 / 180.0);
          SgExprStatement SgVarRefExp SgMultiplyOp SgDoubleVal 3.14159265358979323846 SgDivideOp SgDoubleVal 180.0 SgDoubleVal (3.14159265358979323846 / 180.0) 
Unparsed: MmP *(3.14159265358979323846 / 180.0)
          SgVarRefExp SgMultiplyOp SgDoubleVal 3.14159265358979323846 SgDivideOp SgDoubleVal 180.0 SgDoubleVal (3.14159265358979323846 / 180.0) 
Unparsed: MmP
          SgVarRefExp 
Unparsed: (3.14159265358979323846 / 180.0)
          SgDoubleVal (3.14159265358979323846 / 180.0) SgDoubleVal 3.14159265358979323846 SgDivideOp SgDoubleVal 180.0 
Unparsed: (3.14159265358979323846 / 180.0)
          SgDoubleVal 3.14159265358979323846 SgDivideOp SgDoubleVal 180.0 
Unparsed: 3.14159265358979323846
          SgDoubleVal 3.14159265358979323846 
Unparsed: 180.0
          SgDoubleVal 180.0 
Unparsed: return 0;
          SgReturnStmt SgIntVal 0 
Unparsed: 0
          SgIntVal 0 
