struct HasFloat ;

struct HasInt 
{
  int d;
//	static int num_objs;
//	HasInt() { ++num_objs; }
  

  virtual inline void foo()
{
  }

  operator HasFloat();
  operator HasFloat *();
}

;
//int HasInt::num_objs = 0;

struct HasFloat : public HasInt
{
  float f;
}

;

HasInt::operator HasFloat()
{
  struct HasFloat a;
  return (a);
}


HasInt::operator HasFloat *()
{
  struct HasFloat a;
  return /* Warning: lhs and member function from different classes (linked though class derivation) */
 (a.HasInt:: operator HasFloat * )();
}


int main()
{
  struct HasInt hasi;
  ::HasFloat::HasFloat(((hasi. operator HasFloat )()));
  return 1;
}

