Call side effects on project: 
Function  Side Effects main: ::x 
Statement Side Effects testPtr1.C-134817016: ::x 
Call side effects on file: 
Function  Side Effects main: ::x 
Statement Side Effects testPtr1.C-134817016: ::x 
Call side effects within for loop: 
