Call side effects on project: 
Function  Side Effects main: ::x 
Statement Side Effects testGlobal1.C-134818144: ::x 
Call side effects on file: 
Function  Side Effects main: ::x 
Statement Side Effects testGlobal1.C-134818144: ::x 
Call side effects within for loop: 
