0a1,7
> 1101:begin
> 553:list-begin
> 553:list 3
> 553:list-begin
> 553:list 1
> 1103
> 1101 false false false
